[2026-06-05 20:51:13.474] [drdaemon] [info] ===============================================================
[2026-06-05 20:51:13.474] [drdaemon] [info] Log manager initialized - DR Daemon session started
[2026-06-05 20:51:13.474] [drdaemon] [info] ===============================================================
[2026-06-05 20:51:13.474] [drdaemon] [info] DR Daemon starting...
[2026-06-05 20:51:13.474] [drdaemon] [info] Starting DR Daemon - target: drengsrv.exe, interval: 0.5s
[2026-06-05 20:51:13.474] [drdaemon] [info] Target process set to: drengsrv.exe
[2026-06-05 20:51:13.474] [drdaemon] [info] Log directory name set to: log
[2026-06-05 20:51:13.474] [drdaemon] [info] Dump directory name set to: log
[2026-06-05 20:51:13.474] [drdaemon] [warning] Cannot set monitor interval: ProcessMonitor not initialized
[2026-06-05 20:51:13.474] [drdaemon] [info] Configuring follow process: recoverit.exe
[2026-06-05 20:51:13.474] [drdaemon] [info] Process follow exit enabled - will exit when 'recoverit.exe' exits
[2026-06-05 20:51:13.474] [drdaemon] [info] Configuring report policy: 2
[2026-06-05 20:51:13.474] [drdaemon] [info] Report policy set to: 2 - Only when valid dumps generated
[2026-06-05 20:51:13.474] [drdaemon] [info] Initializing service components...
[2026-06-05 20:51:13.474] [drdaemon] [info] Initializing daemon service components...
[2026-06-05 20:51:13.474] [drdaemon] [info] ProcessMonitor initialized
[2026-06-05 20:51:13.475] [drdaemon] [info] Created crash report directory: C:\ProgramData\Wondershare\Recoverit\drdaemon\CrashReports
[2026-06-05 20:51:13.475] [drdaemon] [info] Log directory name set to: log
[2026-06-05 20:51:13.475] [drdaemon] [info] Dump directory name set to: log
[2026-06-05 20:51:13.475] [drdaemon] [info] CrashReportPackager initialized
[2026-06-05 20:51:13.475] [drdaemon] [info] DaemonCrashReporter: Attempting to locate drreporter at: 
[2026-06-05 20:51:13.475] [drdaemon] [error] DaemonCrashReporter: drreporter.exe not found at: 
[2026-06-05 20:51:13.475] [drdaemon] [info] DaemonCrashReporter: Searching alternative locations...
[2026-06-05 20:51:13.476] [drdaemon] [error] DaemonCrashReporter: drreporter.exe not found in any location
[2026-06-05 20:51:13.476] [drdaemon] [warning] Error: Failed to initialize DR Reporter, will use fallback upload method
[2026-06-05 20:51:13.476] [drdaemon] [info] Using default upload (DR Reporter not available)
[2026-06-05 20:51:13.476] [drdaemon] [info] Setting default upload callback...
[2026-06-05 20:51:13.476] [drdaemon] [info] Default upload configured (local storage only)
[2026-06-05 20:51:13.476] [drdaemon] [info] Initializing follow process monitor for: recoverit.exe
[2026-06-05 20:51:13.476] [drdaemon] [info] Follow process monitor initialized - will exit when 'recoverit.exe' exits
[2026-06-05 20:51:13.476] [drdaemon] [info] IPC trigger event created (session-local): Local\\DRDaemon.TriggerCollect
[2026-06-05 20:51:13.476] [drdaemon] [info] Daemon service initialized successfully - monitoring: drengsrv.exe
[2026-06-05 20:51:13.476] [drdaemon] [info] Daemon service started successfully
[2026-06-05 20:51:13.476] [drdaemon] [info] Service configured - upload method: Default
[2026-06-05 20:51:13.476] [drdaemon] [warning] Using local storage only - crash reports will not be uploaded
[2026-06-05 20:51:13.476] [drdaemon] [info] Starting main service loop...
[2026-06-05 20:51:13.476] [drdaemon] [info] Starting daemon service main loop - target: drengsrv.exe, follow: recoverit.exe, upload: Default, policy: Only when valid dumps generated
[2026-06-05 20:51:13.476] [drdaemon] [info] Starting process monitor for: drengsrv.exe
[2026-06-05 20:51:13.476] [drdaemon] [info] Process monitor started successfully
[2026-06-05 20:51:13.476] [drdaemon] [info] Process monitor loop started for: drengsrv.exe
[2026-06-05 20:51:13.476] [drdaemon] [info] Starting process monitor for: recoverit.exe
[2026-06-05 20:51:13.476] [drdaemon] [info] Follow process monitor started - tracking 'recoverit.exe'
[2026-06-05 20:51:13.477] [drdaemon] [info] Process monitor loop started for: recoverit.exe
[2026-06-05 20:51:13.496] [drdaemon] [info] Process drengsrv.exe started (PID: 30036)
[2026-06-05 20:51:13.496] [drdaemon] [info] Process recoverit.exe started (PID: 33832)
[2026-06-05 20:51:42.282] [drdaemon] [warning] Process drengsrv.exe PID changed from 30036 to 38080 - process restart detected
[2026-06-05 20:51:42.283] [drdaemon] [info] Previous process instance exit type: ABNORMAL
[2026-06-05 20:51:42.283] [drdaemon] [warning] Process drengsrv.exe (PID: 30036) exited, abnormal: true
[2026-06-05 20:51:42.283] [drdaemon] [info] Current report policy: Only when valid dumps generated
[2026-06-05 20:51:42.283] [drdaemon] [info] Process drengsrv.exe started (PID: 38080)
[2026-06-05 20:51:42.283] [drdaemon] [info] Abnormal exit detected - starting real-time WER dump monitoring...
[2026-06-05 20:51:52.491] [drdaemon] [info] WER dump monitoring completed: 10s elapsed, 0 dumps found
[2026-06-05 20:51:52.492] [drdaemon] [info] Process exit handling: WILL PROCESS - will check for valid dumps
[2026-06-05 20:51:52.492] [drdaemon] [info] Starting crash report collection for: drengsrv.exe
[2026-06-05 20:51:52.492] [drdaemon] [info] Creating crash report for process: drengsrv.exe (PID: 30036) using ProcessInfo
[2026-06-05 20:51:52.502] [drdaemon] [info] Found 22 log files in process directory (using ProcessInfo): C:\Program Files\Wondershare\Recoverit - Data Recovery\log
[2026-06-05 20:51:52.504] [drdaemon] [info] Collected 22 log files from process directory using ProcessInfo
[2026-06-05 20:51:52.504] [drdaemon] [info] Collected 0 dump files from process dump directory
[2026-06-05 20:51:52.504] [drdaemon] [info] Extracting events for process: drengsrv.exe from log: Application
[2026-06-05 20:51:52.517] [drdaemon] [info] Found 0 events for process: drengsrv.exe
[2026-06-05 20:51:52.518] [drdaemon] [info] Extracting error events from log: System
[2026-06-05 20:51:52.524] [drdaemon] [info] Found 0 error/warning events
[2026-06-05 20:51:52.524] [drdaemon] [info] Collected 0 event log dump files
[2026-06-05 20:51:52.524] [drdaemon] [info] Crash report created: 20260605_135152_8e51b63d-12e5-4051-af5d-a75edcb9943e [WER dumps: 0, Event log dumps: 0, Total dumps: 0, Auxiliary: 22, Events: 0]
[2026-06-05 20:51:52.524] [drdaemon] [info] Crash report created: 20260605_135152_8e51b63d-12e5-4051-af5d-a75edcb9943e [drengsrv.exe(30036), dumps:0, aux:22, time:1780667502]
[2026-06-05 20:51:52.524] [drdaemon] [info] Valid dumps policy: 0 dump files found - will not upload
[2026-06-05 20:51:52.524] [drdaemon] [info] Crash report created but not uploaded due to policy: Only when valid dumps generated
[2026-06-05 20:53:38.141] [drdaemon] [warning] Process recoverit.exe has exited (PID: 33832)
[2026-06-05 20:53:38.154] [drdaemon] [warning] Process exited with exception code: 0xCFFFFFFF
[2026-06-05 20:53:38.154] [drdaemon] [info] Process exit type: ABNORMAL
[2026-06-05 20:53:38.155] [drdaemon] [info] Follow process 'recoverit.exe' (PID: 33832) has exited, abnormal: true
[2026-06-05 20:53:38.155] [drdaemon] [info] Daemon will exit following the target process
[2026-06-05 20:53:38.691] [drdaemon] [info] Daemon service main loop ended - reason: stop requested
[2026-06-05 20:53:38.703] [drdaemon] [info] Stopping process monitor...
[2026-06-05 20:53:38.703] [drdaemon] [info] Process monitor loop ended for: drengsrv.exe
[2026-06-05 20:53:38.731] [drdaemon] [info] Process monitor stopped
[2026-06-05 20:53:38.733] [drdaemon] [info] Stopping process monitor...
[2026-06-05 20:53:38.735] [drdaemon] [info] Process monitor loop ended for: recoverit.exe
[2026-06-05 20:53:38.735] [drdaemon] [info] Process monitor stopped
[2026-06-05 20:53:38.766] [drdaemon] [info] DR Daemon stopping...
